[salahtml.uxper.co/home-nft.html]
[backblue.gif]
[fade.gif]
[index.html]
[salahtml.uxper.co/assets/images/favicon.png]
[salahtml.uxper.co/assets/libs/line-awesome/css/line-awesome.min.css]
[salahtml.uxper.co/assets/libs/bootstrap/css/bootstrap.min.css]
[salahtml.uxper.co/assets/libs/swiper/swiper-bundle.min.css]
[salahtml.uxper.co/assets/css/style.css]
[salahtml.uxper.co/index.html]
[salahtml.uxper.co/home-app-showcase.html]
[salahtml.uxper.co/home-shopify-app.html]
[salahtml.uxper.co/home-design-studio.html]
[salahtml.uxper.co/home-music-app.html]
[salahtml.uxper.co/home-hr-maganement.html]
[salahtml.uxper.co/home-video.html]
[salahtml.uxper.co/home-coworking.html]
[salahtml.uxper.co/home-design-portfolio.html]
[salahtml.uxper.co/home-dating.html]
[salahtml.uxper.co/home-crypto.html]
[salahtml.uxper.co/home-email.html]
[salahtml.uxper.co/home-web3.html]
[salahtml.uxper.co/home-fintech.html]
[salahtml.uxper.co/home-ecommerce-platform.html]
[salahtml.uxper.co/home-seo.html]
[salahtml.uxper.co/home-pet.html]
[salahtml.uxper.co/home-startup.html]
[salahtml.uxper.co/home-chat-service.html]
[salahtml.uxper.co/home-ico.html]
[salahtml.uxper.co/home-vr.html]
[salahtml.uxper.co/home-ecommerce-agency.html]
[salahtml.uxper.co/home-book.html]
[salahtml.uxper.co/home-fitness.html]
[salahtml.uxper.co/home-webinar.html]
[salahtml.uxper.co/about-studio.html]
[salahtml.uxper.co/about-company.html]
[salahtml.uxper.co/about-me.html]
[salahtml.uxper.co/our-team.html]
[salahtml.uxper.co/services-01.html]
[salahtml.uxper.co/services-02.html]
[salahtml.uxper.co/services-03.html]
[salahtml.uxper.co/pricing-01.html]
[salahtml.uxper.co/pricing-02.html]
[salahtml.uxper.co/pricing-03.html]
[salahtml.uxper.co/careers.html]
[salahtml.uxper.co/careers-detail.html]
[salahtml.uxper.co/sign-in.html]
[salahtml.uxper.co/sign-up.html]
[salahtml.uxper.co/coming-soon.html]
[salahtml.uxper.co/maintainance.html]
[salahtml.uxper.co/404.html]
[salahtml.uxper.co/privacy-policy.html]
[salahtml.uxper.co/portfolio-classic-grid.html]
[salahtml.uxper.co/portfolio-classic-metro.html]
[salahtml.uxper.co/portfolio-classic-masonry.html]
[salahtml.uxper.co/portfolio-classic-mosaic.html]
[salahtml.uxper.co/portfolio-minimal-grid.html]
[salahtml.uxper.co/portfolio-minimal-metro.html]
[salahtml.uxper.co/portfolio-minimal-masonry.html]
[salahtml.uxper.co/portfolio-minimal-mosaic.html]
[salahtml.uxper.co/portfolio-morden-grid.html]
[salahtml.uxper.co/portfolio-morden-metro.html]
[salahtml.uxper.co/portfolio-morden-masonry.html]
[salahtml.uxper.co/portfolio-morden-mosaic.html]
[salahtml.uxper.co/portfolio-detail-01.html]
[salahtml.uxper.co/portfolio-detail-02.html]
[salahtml.uxper.co/portfolio-detail-03.html]
[salahtml.uxper.co/blog-simple-grid.html]
[salahtml.uxper.co/blog-simple-sidebar.html]
[salahtml.uxper.co/blog-simple-list.html]
[salahtml.uxper.co/blog-simple-masonry.html]
[salahtml.uxper.co/blog-card-standard.html]
[salahtml.uxper.co/blog-card-sidebar.html]
[salahtml.uxper.co/blog-card-grid.html]
[salahtml.uxper.co/blog-card-masonry.html]
[salahtml.uxper.co/blog-boxed-standard.html]
[salahtml.uxper.co/blog-boxed-list.html]
[salahtml.uxper.co/blog-boxed-grid.html]
[salahtml.uxper.co/blog-boxed-masonry.html]
[salahtml.uxper.co/blog-bg-standard.html]
[salahtml.uxper.co/blog-bg-list.html]
[salahtml.uxper.co/blog-bg-grid.html]
[salahtml.uxper.co/blog-bg-masonry.html]
[salahtml.uxper.co/blog-detail-01.html]
[salahtml.uxper.co/blog-detail-02.html]
[salahtml.uxper.co/blog-detail-03.html]
[salahtml.uxper.co/shop-fullwidth.html]
[salahtml.uxper.co/shop-sidebar.html]
[salahtml.uxper.co/shop-detail.html]
[salahtml.uxper.co/shop-cart.html]
[salahtml.uxper.co/shop-checkout.html]
[salahtml.uxper.co/assets/images/nft-01.png]
[salahtml.uxper.co/assets/images/nft-02.svg]
[salahtml.uxper.co/assets/images/nft-03.svg]
[salahtml.uxper.co/assets/images/nft-04.svg]
[salahtml.uxper.co/assets/images/nft-05.webp]
[salahtml.uxper.co/assets/images/nft-06.webp]
[salahtml.uxper.co/assets/images/nft-07.png]
[salahtml.uxper.co/assets/images/nft-08.png]
[salahtml.uxper.co/assets/images/nft-09.png]
[salahtml.uxper.co/assets/images/nft-10.png]
[salahtml.uxper.co/assets/images/nft-11.jpg]
[salahtml.uxper.co/assets/images/nft-12.png]
[salahtml.uxper.co/assets/images/nft-13.png]
[salahtml.uxper.co/assets/images/nft-14.png]
[salahtml.uxper.co/assets/images/st__envato.svg]
[salahtml.uxper.co/assets/js/jquery-1.12.4.js]
[salahtml.uxper.co/assets/libs/bootstrap/js/bootstrap.min.js]
[salahtml.uxper.co/assets/libs/swiper/swiper-bundle.min.js]
[salahtml.uxper.co/assets/libs/waypoints/jquery.waypoints.min.js]
[salahtml.uxper.co/assets/libs/counter/jquery.counterup.min.js]
[salahtml.uxper.co/assets/libs/wowjs/wow.min.js]
[salahtml.uxper.co/assets/js/main.js]
[salahtml.uxper.co/home-nft.html]
[salahtml.uxper.co/assets/libs/line-awesome/fonts/la-brands-400.eot]
[salahtml.uxper.co/assets/libs/line-awesome/fonts/la-brands-400d41d.eot]
[salahtml.uxper.co/assets/libs/line-awesome/fonts/la-brands-400.woff2]
[salahtml.uxper.co/assets/libs/line-awesome/fonts/la-brands-400.woff]
[salahtml.uxper.co/assets/libs/line-awesome/fonts/la-brands-400.ttf]
[salahtml.uxper.co/assets/libs/line-awesome/fonts/la-brands-400.svg]
[salahtml.uxper.co/assets/libs/line-awesome/fonts/la-regular-400.eot]
[salahtml.uxper.co/assets/libs/line-awesome/fonts/la-regular-400d41d.eot]
[salahtml.uxper.co/assets/libs/line-awesome/fonts/la-regular-400.woff2]
[salahtml.uxper.co/assets/libs/line-awesome/fonts/la-regular-400.woff]
[salahtml.uxper.co/assets/libs/line-awesome/fonts/la-regular-400.ttf]
[salahtml.uxper.co/assets/libs/line-awesome/fonts/la-regular-400.svg]
[salahtml.uxper.co/assets/libs/line-awesome/fonts/la-solid-900.eot]
[salahtml.uxper.co/assets/libs/line-awesome/fonts/la-solid-900.woff2]
[salahtml.uxper.co/assets/libs/line-awesome/fonts/la-solid-900d41d.eot]
[salahtml.uxper.co/assets/libs/line-awesome/fonts/la-solid-900.woff]
[salahtml.uxper.co/assets/libs/line-awesome/fonts/la-solid-900.ttf]
[salahtml.uxper.co/assets/libs/line-awesome/css/line-awesome.min.css]
[salahtml.uxper.co/assets/libs/bootstrap/css/bootstrap.min.css]
[salahtml.uxper.co/assets/libs/swiper/swiper-bundle.min.css]
[salahtml.uxper.co/assets/libs/line-awesome/fonts/la-solid-900.svg]
[salahtml.uxper.co/sala/assets/images/hea-15.webp]
[salahtml.uxper.co/index-2.html]
[salahtml.uxper.co/sala/assets/images/hea-08.png]
[salahtml.uxper.co/sala/assets/images/hep-12.svg]
[salahtml.uxper.co/sala/assets/images/hep-24.png]
[salahtml.uxper.co/sala/assets/images/hst-02.svg]
[salahtml.uxper.co/assets/images/macaroni.webp]
[salahtml.uxper.co/assets/css/style.css]
[salahtml.uxper.co/assets/libs/twentytwenty/twentytwenty.css]
[salahtml.uxper.co/assets/images/html5.svg]
[salahtml.uxper.co/assets/images/css3.svg]
[salahtml.uxper.co/assets/images/sass.svg]
[salahtml.uxper.co/assets/images/bootstrap.svg]
[salahtml.uxper.co/assets/images/google-font.svg]
[salahtml.uxper.co/assets/images/w3c.svg]
[salahtml.uxper.co/assets/images/demo-01.png]
[salahtml.uxper.co/assets/images/demo-02.png]
[salahtml.uxper.co/assets/images/demo-03.png]
[salahtml.uxper.co/assets/images/demo-04.png]
[salahtml.uxper.co/home-saas.html]
[salahtml.uxper.co/assets/images/demo-05.png]
[salahtml.uxper.co/assets/images/demo-06.png]
[salahtml.uxper.co/assets/images/demo-07.png]
[salahtml.uxper.co/assets/images/demo-08.png]
[salahtml.uxper.co/assets/images/demo-09.png]
[salahtml.uxper.co/assets/images/demo-10.png]
[salahtml.uxper.co/assets/images/demo-11.webp]
[salahtml.uxper.co/assets/images/demo-12.webp]
[salahtml.uxper.co/assets/images/demo-13.webp]
[salahtml.uxper.co/assets/images/demo-14.webp]
[salahtml.uxper.co/assets/images/demo-15.png]
[salahtml.uxper.co/assets/images/demo-16.png]
[salahtml.uxper.co/assets/images/demo-17.png]
[salahtml.uxper.co/assets/images/demo-18.png]
[salahtml.uxper.co/assets/images/demo-19.webp]
[salahtml.uxper.co/assets/images/demo-20.webp]
[salahtml.uxper.co/assets/images/demo-21.png]
[salahtml.uxper.co/assets/images/demo-22.webp]
[salahtml.uxper.co/assets/images/demo-23.webp]
[salahtml.uxper.co/assets/images/demo-24.png]
[salahtml.uxper.co/assets/images/demo-25.png]
[salahtml.uxper.co/assets/images/demo-26.png]
[salahtml.uxper.co/home-rtl.html]
[salahtml.uxper.co/assets/images/demo-27.png]
[salahtml.uxper.co/assets/images/light-mode.jpg]
[salahtml.uxper.co/assets/images/dark-mode.jpg]
[salahtml.uxper.co/assets/images/ltr-mode.jpg]
[salahtml.uxper.co/assets/images/rtl-mode.jpg]
[salahtml.uxper.co/assets/libs/twentytwenty/jquery.event.move.js]
[salahtml.uxper.co/assets/libs/twentytwenty/jquery.twentytwenty.js]
[salahtml.uxper.co/index.html]
[salahtml.uxper.co/assets/images/hero-01.jpg]
[salahtml.uxper.co/assets/images/app-store.png]
[salahtml.uxper.co/assets/images/google-play.png]
[salahtml.uxper.co/assets/images/asc1.png]
[salahtml.uxper.co/assets/images/asc2.png]
[salahtml.uxper.co/assets/images/asc3.png]
[salahtml.uxper.co/assets/images/asc4.png]
[salahtml.uxper.co/assets/images/asc5.png]
[salahtml.uxper.co/assets/images/asc6.png]
[salahtml.uxper.co/assets/images/asc7.jpg]
[salahtml.uxper.co/assets/images/asc9.png]
[salahtml.uxper.co/assets/images/asc10.png]
[salahtml.uxper.co/assets/images/asc8.png]
[salahtml.uxper.co/assets/images/app-scr-01.png]
[salahtml.uxper.co/assets/images/app-scr-02.png]
[salahtml.uxper.co/assets/images/app-scr-03.png]
[salahtml.uxper.co/assets/images/app-scr-04.png]
[salahtml.uxper.co/assets/images/background-quote.png]
[salahtml.uxper.co/assets/images/post-author-01.jpg]
[salahtml.uxper.co/assets/images/post-author-02.jpg]
[salahtml.uxper.co/assets/images/post-author-03.jpg]
[salahtml.uxper.co/assets/images/mem-1.png]
[salahtml.uxper.co/assets/images/stick-01.png]
[salahtml.uxper.co/assets/images/mem-2.png]
[salahtml.uxper.co/assets/images/stick-02.png]
[salahtml.uxper.co/assets/images/mem-3.png]
[salahtml.uxper.co/assets/images/stick-03.png]
[salahtml.uxper.co/assets/images/asc12.png]
[salahtml.uxper.co/assets/images/asc11.png]
[salahtml.uxper.co/assets/images/post-01.jpg]
[salahtml.uxper.co/assets/images/post-02.jpg]
[salahtml.uxper.co/assets/images/post-03.jpg]
[salahtml.uxper.co/home-app-showcase.html]
[salahtml.uxper.co/assets/images/hsa-01.png]
[salahtml.uxper.co/assets/images/hsa-02.png]
[salahtml.uxper.co/assets/images/hsa-03.png]
[salahtml.uxper.co/assets/images/hsa-04.png]
[salahtml.uxper.co/assets/images/hsa-05.png]
[salahtml.uxper.co/assets/images/hsa-06.png]
[salahtml.uxper.co/assets/images/hsa-07.jpg]
[salahtml.uxper.co/assets/images/hsa-08.png]
[salahtml.uxper.co/assets/images/hsa-09.png]
[salahtml.uxper.co/assets/images/hsa-10.jpg]
[salahtml.uxper.co/assets/images/hsa-11.png]
[salahtml.uxper.co/assets/images/hsa-12.png]
[salahtml.uxper.co/assets/images/hsa-13.jpg]
[salahtml.uxper.co/assets/images/client-01.webp]
[salahtml.uxper.co/assets/images/client-02.webp]
[salahtml.uxper.co/assets/images/client-03.webp]
[salahtml.uxper.co/home-shopify-app.html]
[salahtml.uxper.co/assets/images/modern-box-01.png]
[salahtml.uxper.co/assets/images/modern-box-02.png]
[salahtml.uxper.co/assets/images/modern-box-03.png]
[salahtml.uxper.co/assets/images/modern-box-04.png]
[salahtml.uxper.co/assets/images/client-04.webp]
[salahtml.uxper.co/assets/images/client-05.png]
[salahtml.uxper.co/assets/images/client-06.webp]
[salahtml.uxper.co/assets/images/portfolio-02.jpg]
[salahtml.uxper.co/assets/images/portfolio-03.jpg]
[salahtml.uxper.co/assets/images/portfolio-05.jpg]
[salahtml.uxper.co/assets/images/portfolio-04.jpg]
[salahtml.uxper.co/assets/images/hds-01.jpg]
[salahtml.uxper.co/assets/images/macaroni-vertical.webp]
[salahtml.uxper.co/home-design-studio.html]
[salahtml.uxper.co/assets/images/hma-01.png]
[salahtml.uxper.co/assets/images/hma-02.png]
[salahtml.uxper.co/assets/images/hma-03.png]
[salahtml.uxper.co/assets/images/hma-04.png]
[salahtml.uxper.co/assets/images/hma-05.png]
[salahtml.uxper.co/assets/images/hma-06.png]
[salahtml.uxper.co/assets/images/hma-07.png]
[salahtml.uxper.co/assets/images/hma-08.png]
[salahtml.uxper.co/assets/images/hma-09.png]
[salahtml.uxper.co/assets/images/hma-10.png]
[salahtml.uxper.co/home-music-app.html]
[salahtml.uxper.co/assets/images/hr-03.png]
[salahtml.uxper.co/assets/images/hr-04.png]
[salahtml.uxper.co/assets/images/hr-05.png]
[salahtml.uxper.co/assets/images/hr-01.png]
[salahtml.uxper.co/assets/images/hr-02.png]
[salahtml.uxper.co/assets/images/hr-06.png]
[salahtml.uxper.co/assets/images/hr-07.png]
[salahtml.uxper.co/assets/images/hr-08.png]
[salahtml.uxper.co/assets/images/hr-09.png]
[salahtml.uxper.co/assets/images/hr-10.png]
[salahtml.uxper.co/assets/images/hr-11.png]
[salahtml.uxper.co/assets/images/hr-12.png]
[salahtml.uxper.co/assets/images/hr-13.png]
[salahtml.uxper.co/assets/images/hr-14.png]
[salahtml.uxper.co/assets/images/hr-15.png]
[salahtml.uxper.co/home-hr-maganement.html]
[salahtml.uxper.co/assets/libs/nice-select/css/nice-select.css]
[salahtml.uxper.co/assets/images/coworking-01.png]
[salahtml.uxper.co/assets/images/coworking-02.jpg]
[salahtml.uxper.co/assets/images/cw-01.svg]
[salahtml.uxper.co/assets/images/cw-02.svg]
[salahtml.uxper.co/assets/images/cw-03.svg]
[salahtml.uxper.co/assets/images/cw-04.svg]
[salahtml.uxper.co/assets/images/cw-05.svg]
[salahtml.uxper.co/assets/images/cw-06.svg]
[salahtml.uxper.co/assets/images/cw-07.png]
[salahtml.uxper.co/assets/images/cw-08.jpg]
[salahtml.uxper.co/assets/images/cw-09.jpg]
[salahtml.uxper.co/assets/images/cw-10.jpg]
[salahtml.uxper.co/assets/images/cw-11.jpg]
[salahtml.uxper.co/assets/images/cw-12.jpg]
[salahtml.uxper.co/cdn-cgi/l/email-protection.html]
[salahtml.uxper.co/cdn-cgi/scripts/5c5dd728/cloudflare-static/email-decode.min.js]
[salahtml.uxper.co/home-coworking.html]
[salahtml.uxper.co/assets/libs/nice-select/js/jquery.nice-select.min.js]
[salahtml.uxper.co/assets/images/socials-01.webp]
[salahtml.uxper.co/assets/images/socials-02.webp]
[salahtml.uxper.co/assets/images/socials-03.webp]
[salahtml.uxper.co/assets/images/socials-04.webp]
[salahtml.uxper.co/assets/images/hv-01.png]
[salahtml.uxper.co/assets/images/hv-02.webp]
[salahtml.uxper.co/assets/images/hv-03.webp]
[salahtml.uxper.co/assets/images/hv-04.webp]
[salahtml.uxper.co/assets/images/hv-05.webp]
[salahtml.uxper.co/assets/images/hv-06.png]
[salahtml.uxper.co/assets/images/hv-07.png]
[salahtml.uxper.co/assets/images/hv-08.png]
[salahtml.uxper.co/assets/images/hv-09.png]
[salahtml.uxper.co/assets/images/hv-10.png]
[salahtml.uxper.co/assets/images/hv-11.png]
[salahtml.uxper.co/assets/images/hv-12.png]
[salahtml.uxper.co/assets/images/hv-13.png]
[salahtml.uxper.co/home-video.html]
[salahtml.uxper.co/assets/images/hdp-01.png]
[salahtml.uxper.co/assets/images/hdp-02.png]
[salahtml.uxper.co/assets/images/hdp-03.png]
[salahtml.uxper.co/assets/images/hdp-04.png]
[salahtml.uxper.co/assets/images/hdp-05.png]
[salahtml.uxper.co/assets/images/hdp-06.png]
[salahtml.uxper.co/home-design-portfolio.html]
[salahtml.uxper.co/assets/images/dating-01.png]
[salahtml.uxper.co/assets/images/dating-02.png]
[salahtml.uxper.co/assets/images/dating-03.png]
[salahtml.uxper.co/assets/images/dating-04.png]
[salahtml.uxper.co/assets/images/dating-05.png]
[salahtml.uxper.co/assets/images/dating-06.png]
[salahtml.uxper.co/assets/images/dating-07.png]
[salahtml.uxper.co/assets/images/dating-08.png]
[salahtml.uxper.co/assets/images/dating-09.png]
[salahtml.uxper.co/assets/images/dating-10.png]
[salahtml.uxper.co/assets/images/dating-11.png]
[salahtml.uxper.co/assets/images/dating-12.png]
[salahtml.uxper.co/assets/images/dating-13.png]
[salahtml.uxper.co/home-dating.html]
[salahtml.uxper.co/assets/images/hc-06.png]
[salahtml.uxper.co/assets/images/hc-07.png]
[salahtml.uxper.co/assets/images/hc-01.png]
[salahtml.uxper.co/assets/images/hc-02.png]
[salahtml.uxper.co/assets/images/hc-03.png]
[salahtml.uxper.co/assets/images/hc-04.png]
[salahtml.uxper.co/assets/images/hc-05.png]
[salahtml.uxper.co/assets/images/hc-08.png]
[salahtml.uxper.co/assets/images/hc-09.png]
[salahtml.uxper.co/assets/images/hc-10.png]
[salahtml.uxper.co/assets/images/hc-11.png]
[salahtml.uxper.co/assets/images/hc-13.png]
[salahtml.uxper.co/assets/images/hc-12.png]
[salahtml.uxper.co/home-crypto.html]
[salahtml.uxper.co/assets/images/he-02.png]
[salahtml.uxper.co/assets/images/he-01.png]
[salahtml.uxper.co/assets/images/he-03.jpg]
[salahtml.uxper.co/assets/images/he-04.jpg]
[salahtml.uxper.co/assets/images/he-05.jpg]
[salahtml.uxper.co/assets/images/he-06.jpg]
[salahtml.uxper.co/assets/images/he-07.png]
[salahtml.uxper.co/assets/images/he-08.png]
[salahtml.uxper.co/assets/images/he-09.png]
[salahtml.uxper.co/assets/images/he-10.png]
[salahtml.uxper.co/home-email.html]
[salahtml.uxper.co/assets/images/hw3-01.png]
[salahtml.uxper.co/assets/images/hw3-02.png]
[salahtml.uxper.co/assets/images/hw3-03.png]
[salahtml.uxper.co/assets/images/hw3-04.png]
[salahtml.uxper.co/assets/images/hw3-05.png]
[salahtml.uxper.co/assets/images/hw3-06.png]
[salahtml.uxper.co/assets/images/hw3-07.png]
[salahtml.uxper.co/assets/images/binance.png]
[salahtml.uxper.co/assets/images/optimism.png]
[salahtml.uxper.co/assets/images/harmony.png]
[salahtml.uxper.co/assets/images/polygon.png]
[salahtml.uxper.co/assets/images/near.png]
[salahtml.uxper.co/assets/images/fantom.png]
[salahtml.uxper.co/assets/images/solana.png]
[salahtml.uxper.co/assets/images/ethereum.png]
[salahtml.uxper.co/assets/images/hw3-08.png]
[salahtml.uxper.co/home-web3.html]
[salahtml.uxper.co/assets/images/hft-01.webp]
[salahtml.uxper.co/assets/images/hft-02.webp]
[salahtml.uxper.co/assets/images/hft-03.webp]
[salahtml.uxper.co/assets/images/hft-04.webp]
[salahtml.uxper.co/assets/images/hft-05.webp]
[salahtml.uxper.co/assets/images/hft-06.webp]
[salahtml.uxper.co/assets/images/hft-07.svg]
[salahtml.uxper.co/assets/images/hft-08.svg]
[salahtml.uxper.co/assets/images/hft-09.svg]
[salahtml.uxper.co/assets/images/hft-10.svg]
[salahtml.uxper.co/assets/images/hft-11.svg]
[salahtml.uxper.co/assets/images/hft-12.svg]
[salahtml.uxper.co/assets/images/hft-13.svg]
[salahtml.uxper.co/assets/images/hft-14.svg]
[salahtml.uxper.co/assets/images/hft-15.png]
[salahtml.uxper.co/home-fintech.html]
[salahtml.uxper.co/assets/images/hep-03.png]
[salahtml.uxper.co/assets/images/hep-01.png]
[salahtml.uxper.co/assets/images/hep-02.png]
[salahtml.uxper.co/assets/images/hep-04.png]
[salahtml.uxper.co/assets/images/hep-05.svg]
[salahtml.uxper.co/assets/images/hep-06.png]
[salahtml.uxper.co/assets/images/hep-07.png]
[salahtml.uxper.co/assets/images/hep-08.png]
[salahtml.uxper.co/assets/images/hep-09.webp]
[salahtml.uxper.co/assets/images/hep-10.png]
[salahtml.uxper.co/assets/images/hep-11.png]
[salahtml.uxper.co/assets/images/hep-16.svg]
[salahtml.uxper.co/assets/images/hep-13.png]
[salahtml.uxper.co/assets/images/hep-14.png]
[salahtml.uxper.co/assets/images/hep-15.webp]
[salahtml.uxper.co/assets/images/hep-17.webp]
[salahtml.uxper.co/assets/images/hep-18.png]
[salahtml.uxper.co/assets/images/hep-20.jpg]
[salahtml.uxper.co/assets/images/hep-21.png]
[salahtml.uxper.co/assets/images/hep-22.png]
[salahtml.uxper.co/assets/images/hep-23.png]
[salahtml.uxper.co/assets/images/hep-26.webp]
[salahtml.uxper.co/assets/images/hep-25.webp]
[salahtml.uxper.co/home-ecommerce-platform.html]
[salahtml.uxper.co/assets/images/hs-02.png]
[salahtml.uxper.co/assets/images/hs-01.webp]
[salahtml.uxper.co/assets/images/hs-03.png]
[salahtml.uxper.co/assets/images/hs-04.png]
[salahtml.uxper.co/assets/images/hs-05.png]
[salahtml.uxper.co/assets/images/hs-06.png]
[salahtml.uxper.co/assets/images/hs-07.png]
[salahtml.uxper.co/assets/images/hs-09.png]
[salahtml.uxper.co/assets/images/hs-08.png]
[salahtml.uxper.co/assets/images/hs-10.png]
[salahtml.uxper.co/assets/images/hs-11.png]
[salahtml.uxper.co/assets/images/hs-12.png]
[salahtml.uxper.co/home-seo.html]
[salahtml.uxper.co/assets/images/hp-01.png]
[salahtml.uxper.co/assets/images/hp-02.png]
[salahtml.uxper.co/assets/images/hp-03.png]
[salahtml.uxper.co/assets/images/hp-04.png]
[salahtml.uxper.co/assets/images/hp-05.png]
[salahtml.uxper.co/home-pet.html]
[salahtml.uxper.co/assets/images/hst-01.png]
[salahtml.uxper.co/assets/images/hst-03.svg]
[salahtml.uxper.co/assets/images/hst-04.png]
[salahtml.uxper.co/assets/images/hst-05.svg]
[salahtml.uxper.co/assets/images/services-01.svg]
[salahtml.uxper.co/assets/images/services-02.svg]
[salahtml.uxper.co/assets/images/services-03.svg]
[salahtml.uxper.co/assets/images/services-04.svg]
[salahtml.uxper.co/assets/images/services-05.svg]
[salahtml.uxper.co/assets/images/services-06.svg]
[salahtml.uxper.co/assets/images/banner-image-02.jpg]
[salahtml.uxper.co/home-startup.html]
[salahtml.uxper.co/assets/images/hcs-02.png]
[salahtml.uxper.co/assets/images/hcs-01.png]
[salahtml.uxper.co/assets/images/hcs-03.png]
[salahtml.uxper.co/assets/images/hcs-04.png]
[salahtml.uxper.co/assets/images/hcs-05.png]
[salahtml.uxper.co/assets/images/hcs-06.png]
[salahtml.uxper.co/assets/images/hcs-07.png]
[salahtml.uxper.co/assets/images/hcs-08.png]
[salahtml.uxper.co/assets/images/hcs-09.png]
[salahtml.uxper.co/assets/images/hcs-10.png]
[salahtml.uxper.co/assets/images/hcs-11.png]
[salahtml.uxper.co/assets/images/hcs-12.png]
[salahtml.uxper.co/assets/images/hcs-13.png]
[salahtml.uxper.co/home-chat-service.html]
[salahtml.uxper.co/assets/images/hi-01.png]
[salahtml.uxper.co/assets/images/hi-02.png]
[salahtml.uxper.co/assets/images/hi-03.svg]
[salahtml.uxper.co/assets/images/hi-04.svg]
[salahtml.uxper.co/assets/images/hi-05.png]
[salahtml.uxper.co/assets/images/hi-06.png]
[salahtml.uxper.co/assets/images/hi-07.png]
[salahtml.uxper.co/assets/images/hi-08.png]
[salahtml.uxper.co/assets/images/hi-09.png]
[salahtml.uxper.co/assets/images/hi-10.png]
[salahtml.uxper.co/assets/images/mem-4.png]
[salahtml.uxper.co/assets/images/mem-5.png]
[salahtml.uxper.co/assets/images/mem-6.png]
[salahtml.uxper.co/assets/images/mem-7.png]
[salahtml.uxper.co/assets/images/mem-8.png]
[salahtml.uxper.co/assets/images/hi-11.png]
[salahtml.uxper.co/assets/images/hi-12.png]
[salahtml.uxper.co/assets/images/hi-13.png]
[salahtml.uxper.co/assets/images/hi-14.svg]
[salahtml.uxper.co/assets/images/hi-15.png]
[salahtml.uxper.co/assets/images/hi-16.svg]
[salahtml.uxper.co/assets/images/hi-17.png]
[salahtml.uxper.co/assets/images/hi-18.png]
[salahtml.uxper.co/assets/images/hi-19.png]
[salahtml.uxper.co/home-ico.html]
[salahtml.uxper.co/assets/images/hvr-01.png]
[salahtml.uxper.co/assets/images/hvr-02.png]
[salahtml.uxper.co/assets/images/hvr-03.png]
[salahtml.uxper.co/assets/images/hvr-04.jpg]
[salahtml.uxper.co/assets/images/hvr-05.png]
[salahtml.uxper.co/assets/images/hvr-06.png]
[salahtml.uxper.co/assets/images/hvr-07.png]
[salahtml.uxper.co/assets/images/hvr-08.png]
[salahtml.uxper.co/assets/images/hvr-09.png]
[salahtml.uxper.co/assets/images/hvr-10.png]
[salahtml.uxper.co/home-vr.html]
[salahtml.uxper.co/assets/images/hea-01.png]
[salahtml.uxper.co/assets/images/hea-02.png]
[salahtml.uxper.co/assets/images/hea-05.png]
[salahtml.uxper.co/assets/images/hea-03.png]
[salahtml.uxper.co/assets/images/hea-04.png]
[salahtml.uxper.co/assets/images/hea-10.png]
[salahtml.uxper.co/assets/images/hea-09.png]
[salahtml.uxper.co/assets/images/hea-07.png]
[salahtml.uxper.co/assets/images/hea-06.png]
[salahtml.uxper.co/assets/images/partner-01.png]
[salahtml.uxper.co/assets/images/partner-02.png]
[salahtml.uxper.co/assets/images/partner-03.png]
[salahtml.uxper.co/assets/images/partner-04.png]
[salahtml.uxper.co/assets/images/partner-05.png]
[salahtml.uxper.co/assets/images/partner-06.png]
[salahtml.uxper.co/assets/images/partner-07.png]
[salahtml.uxper.co/assets/images/partner-08.png]
[salahtml.uxper.co/assets/images/hea-11.png]
[salahtml.uxper.co/assets/images/hea-13.png]
[salahtml.uxper.co/assets/images/hea-12.png]
[salahtml.uxper.co/assets/images/hea-14.png]
[salahtml.uxper.co/assets/libs/elasti-stack/modernizr.custom.js]
[salahtml.uxper.co/assets/libs/elasti-stack/draggabilly.pkgd.min.js]
[salahtml.uxper.co/home-ecommerce-agency.html]
[salahtml.uxper.co/assets/libs/elasti-stack/elastiStack.js]
[salahtml.uxper.co/assets/images/hb-01.png]
[salahtml.uxper.co/assets/images/hb-02.webp]
[salahtml.uxper.co/assets/images/hb-03.png]
[salahtml.uxper.co/assets/images/post-author-04.jpg]
[salahtml.uxper.co/assets/images/post-author-05.jpg]
[salahtml.uxper.co/assets/images/hb-04.png]
[salahtml.uxper.co/assets/images/hb-05.webp]
[salahtml.uxper.co/home-book.html]
[salahtml.uxper.co/assets/images/hf-01.png]
[salahtml.uxper.co/assets/images/hf-02.png]
[salahtml.uxper.co/assets/images/hf-03.jpg]
[salahtml.uxper.co/assets/images/hf-04.jpg]
[salahtml.uxper.co/assets/images/hf-10.png]
[salahtml.uxper.co/assets/images/hf-09.png]
[salahtml.uxper.co/assets/images/hf-11.png]
[salahtml.uxper.co/assets/images/hf-05.png]
[salahtml.uxper.co/assets/images/hf-06.png]
[salahtml.uxper.co/assets/images/hf-07.png]
[salahtml.uxper.co/assets/images/hf-08.png]
[salahtml.uxper.co/assets/images/hf-12.png]
[salahtml.uxper.co/assets/images/hf-13.png]
[salahtml.uxper.co/assets/images/hf-14.png]
[salahtml.uxper.co/assets/images/hf-15.png]
[salahtml.uxper.co/assets/images/hf-16.png]
[salahtml.uxper.co/assets/images/hf-17.png]
[salahtml.uxper.co/assets/images/hf-20.png]
[salahtml.uxper.co/assets/images/hf-18.png]
[salahtml.uxper.co/assets/images/hf-21.png]
[salahtml.uxper.co/assets/images/hf-19.png]
[salahtml.uxper.co/assets/images/hf-22.png]
[salahtml.uxper.co/assets/images/hf-23.png]
[salahtml.uxper.co/assets/images/hf-24.png]
[salahtml.uxper.co/home-fitness.html]
[salahtml.uxper.co/assets/libs/circle-progress/circle-progress.min.js]
[salahtml.uxper.co/assets/images/hw-02.png]
[salahtml.uxper.co/assets/images/hw-03.png]
[salahtml.uxper.co/assets/images/hw-04.png]
[salahtml.uxper.co/assets/images/hw-05.png]
[salahtml.uxper.co/assets/images/hw-06.jpg]
[salahtml.uxper.co/assets/images/hw-07.jpg]
[salahtml.uxper.co/assets/images/hw-08.png]
[salahtml.uxper.co/assets/images/sponsor-01.png]
[salahtml.uxper.co/assets/images/sponsor-02.png]
[salahtml.uxper.co/assets/images/sponsor-03.png]
[salahtml.uxper.co/assets/images/sponsor-04.png]
[salahtml.uxper.co/assets/images/sponsor-05.png]
[salahtml.uxper.co/assets/images/sponsor-06.png]
[salahtml.uxper.co/assets/images/sponsor-07.png]
[salahtml.uxper.co/assets/images/sponsor-08.png]
[salahtml.uxper.co/assets/images/hw-09.png]
[salahtml.uxper.co/assets/images/hw-10.png]
[salahtml.uxper.co/assets/images/hw-11.png]
[salahtml.uxper.co/assets/images/mem-9.png]
[salahtml.uxper.co/assets/images/hw-12.png]
[salahtml.uxper.co/home-webinar.html]
[salahtml.uxper.co/assets/images/gallery-01.jpg]
[salahtml.uxper.co/assets/images/gallery-02.jpg]
[salahtml.uxper.co/assets/images/gallery-03.jpg]
[salahtml.uxper.co/assets/images/gallery-04.jpg]
[salahtml.uxper.co/assets/images/gallery-05.jpg]
[salahtml.uxper.co/assets/images/quote.png]
[salahtml.uxper.co/assets/images/banner-image-01.jpg]
[salahtml.uxper.co/about-studio.html]
[salahtml.uxper.co/assets/images/banner-image-04.png]
[salahtml.uxper.co/assets/images/our-team.jpg]
[salahtml.uxper.co/about-company.html]
[salahtml.uxper.co/assets/images/layers.svg]
[salahtml.uxper.co/assets/images/rgb.svg]
[salahtml.uxper.co/assets/images/flip.svg]
[salahtml.uxper.co/assets/images/shape-builder.svg]
[salahtml.uxper.co/assets/images/about-me.jpg]
[salahtml.uxper.co/about-me.html]
[salahtml.uxper.co/our-team.html]
[salahtml.uxper.co/services-01.html]
[salahtml.uxper.co/assets/images/banner-image-05.png]
[salahtml.uxper.co/assets/images/services-08.jpg]
[salahtml.uxper.co/services-02.html]
[salahtml.uxper.co/services-03.html]
[salahtml.uxper.co/assets/images/services-09.svg]
[salahtml.uxper.co/pricing-01.html]
[salahtml.uxper.co/pricing-02.html]
[salahtml.uxper.co/pricing-03.html]
[salahtml.uxper.co/assets/images/banner-image-03.jpg]
[salahtml.uxper.co/assets/images/ib-01.png]
[salahtml.uxper.co/assets/images/ib-02.png]
[salahtml.uxper.co/assets/images/ib-03.png]
[salahtml.uxper.co/assets/images/ib-04.png]
[salahtml.uxper.co/assets/images/ib-05.png]
[salahtml.uxper.co/assets/images/ib-06.png]
[salahtml.uxper.co/assets/images/gallery-06.jpg]
[salahtml.uxper.co/assets/images/gallery-07.jpg]
[salahtml.uxper.co/assets/images/gallery-08.jpg]
[salahtml.uxper.co/assets/images/gallery-09.jpg]
[salahtml.uxper.co/assets/images/gallery-10.jpg]
[salahtml.uxper.co/assets/images/gallery-11.jpg]
[salahtml.uxper.co/careers.html]
[salahtml.uxper.co/assets/images/carrer-detail.png]
[salahtml.uxper.co/careers-detail.html]
[salahtml.uxper.co/sign-in.html]
[salahtml.uxper.co/sign-up.html]
[salahtml.uxper.co/coming-soon.html]
[salahtml.uxper.co/assets/images/coming-soon.svg]
[salahtml.uxper.co/maintainance.html]
[salahtml.uxper.co/assets/images/maintainance.svg]
[salahtml.uxper.co/assets/images/404.png]
[salahtml.uxper.co/404.html]
[salahtml.uxper.co/privacy-policy.html]
[salahtml.uxper.co/assets/images/portfolio-01.jpg]
[salahtml.uxper.co/assets/images/portfolio-06.jpg]
[salahtml.uxper.co/assets/images/portfolio-07.jpg]
[salahtml.uxper.co/assets/images/portfolio-08.jpg]
[salahtml.uxper.co/assets/images/portfolio-09.png]
[salahtml.uxper.co/assets/images/portfolio-10.jpg]
[salahtml.uxper.co/assets/images/portfolio-11.jpg]
[salahtml.uxper.co/assets/images/portfolio-12.jpg]
[salahtml.uxper.co/assets/libs/isotope/isotope.pkgd.min.js]
[salahtml.uxper.co/portfolio-classic-grid.html]
[salahtml.uxper.co/portfolio-classic-metro.html]
[salahtml.uxper.co/portfolio-classic-masonry.html]
[salahtml.uxper.co/portfolio-classic-mosaic.html]
[salahtml.uxper.co/portfolio-minimal-grid.html]
[salahtml.uxper.co/portfolio-minimal-metro.html]
[salahtml.uxper.co/portfolio-minimal-masonry.html]
[salahtml.uxper.co/portfolio-minimal-mosaic.html]
[salahtml.uxper.co/portfolio-morden-grid.html]
[salahtml.uxper.co/portfolio-morden-metro.html]
[salahtml.uxper.co/portfolio-morden-masonry.html]
[salahtml.uxper.co/portfolio-morden-mosaic.html]
[salahtml.uxper.co/assets/libs/isotope/imagesloaded.pkgd.js]
[salahtml.uxper.co/assets/images/portfolio-detail-01.jpg]
[salahtml.uxper.co/assets/images/portfolio-detail-02.jpg]
[salahtml.uxper.co/assets/images/portfolio-detail-04.jpg]
[salahtml.uxper.co/assets/images/portfolio-detail-03.jpg]
[salahtml.uxper.co/assets/images/portfolio-detail-05.jpg]
[salahtml.uxper.co/assets/images/portfolio-detail-06.jpg]
[salahtml.uxper.co/assets/images/portfolio-gallery-01.jpg]
[salahtml.uxper.co/assets/images/portfolio-gallery-02.jpg]
[salahtml.uxper.co/assets/images/portfolio-gallery-03.jpg]
[salahtml.uxper.co/assets/images/portfolio-gallery-04.jpg]
[salahtml.uxper.co/assets/images/portfolio-video.jpg]
[salahtml.uxper.co/assets/images/portfolio-prev.jpg]
[salahtml.uxper.co/assets/images/portfolio-next.jpg]
[salahtml.uxper.co/portfolio-detail-01.html]
[salahtml.uxper.co/portfolio-detail-02.html]
[salahtml.uxper.co/assets/images/post-author.webp]
[salahtml.uxper.co/portfolio-detail-03.html]
[salahtml.uxper.co/assets/images/post-04.jpg]
[salahtml.uxper.co/assets/images/post-05.jpg]
[salahtml.uxper.co/assets/images/post-06.jpg]
[salahtml.uxper.co/assets/images/post-07.jpg]
[salahtml.uxper.co/assets/images/post-08.jpg]
[salahtml.uxper.co/assets/images/post-09.jpg]
[salahtml.uxper.co/blog-simple-grid.html]
[salahtml.uxper.co/blog-simple-sidebar.html]
[salahtml.uxper.co/blog-simple-list.html]
[salahtml.uxper.co/blog-simple-masonry.html]
[salahtml.uxper.co/blog-card-standard.html]
[salahtml.uxper.co/blog-card-sidebar.html]
[salahtml.uxper.co/blog-card-grid.html]
[salahtml.uxper.co/blog-card-masonry.html]
[salahtml.uxper.co/blog-boxed-standard.html]
[salahtml.uxper.co/blog-boxed-list.html]
[salahtml.uxper.co/blog-boxed-grid.html]
[salahtml.uxper.co/blog-boxed-masonry.html]
[salahtml.uxper.co/blog-bg-standard.html]
[salahtml.uxper.co/blog-bg-list.html]
[salahtml.uxper.co/blog-bg-grid.html]
[salahtml.uxper.co/blog-bg-masonry.html]
[salahtml.uxper.co/assets/images/post-detail-01.jpg]
[salahtml.uxper.co/assets/images/post-detail-02.jpg]
[salahtml.uxper.co/blog-detail-01.html]
[salahtml.uxper.co/blog-detail-02.html]
[salahtml.uxper.co/blog-detail-03.html]
[salahtml.uxper.co/assets/images/product-01.png]
[salahtml.uxper.co/assets/images/product-02.png]
[salahtml.uxper.co/assets/images/product-03.png]
[salahtml.uxper.co/assets/images/product-04.png]
[salahtml.uxper.co/assets/images/product-05.png]
[salahtml.uxper.co/assets/images/product-06.png]
[salahtml.uxper.co/assets/images/product-07.png]
[salahtml.uxper.co/assets/images/product-08.jpg]
[salahtml.uxper.co/assets/images/product-09.png]
[salahtml.uxper.co/assets/images/product-10.png]
[salahtml.uxper.co/assets/images/product-11.png]
[salahtml.uxper.co/assets/images/product-12.png]
[salahtml.uxper.co/shop-fullwidth.html]
[salahtml.uxper.co/assets/libs/nouislider/nouislider.min.css]
[salahtml.uxper.co/shop-sidebar.html]
[salahtml.uxper.co/assets/libs/nouislider/nouislider.min.js]
[salahtml.uxper.co/assets/images/product-gallery.png]
[salahtml.uxper.co/assets/images/product-gallery-01.png]
[salahtml.uxper.co/assets/images/product-gallery-02.jpg]
[salahtml.uxper.co/assets/images/product-gallery-03.jpg]
[salahtml.uxper.co/shop-detail.html]
[salahtml.uxper.co/shop-cart.html]
[salahtml.uxper.co/shop-checkout.html]
[salahtml.uxper.co/assets/images/nft-02.svg]
[salahtml.uxper.co/assets/images/nft-03.svg]
[salahtml.uxper.co/assets/images/nft-04.svg]
[salahtml.uxper.co/assets/images/st__envato.svg]
[salahtml.uxper.co/assets/libs/line-awesome/fonts/la-brands-400.svg]
[salahtml.uxper.co/assets/libs/line-awesome/fonts/la-regular-400.svg]
[salahtml.uxper.co/assets/libs/zoom/jquery.zoom.min.js]
[salahtml.uxper.co/assets/libs/line-awesome/fonts/la-solid-900.svg]
[salahtml.uxper.co/index-2.html]
[salahtml.uxper.co/sala/assets/images/hea-15.html]
[salahtml.uxper.co/sala/assets/images/hea-08.html]
[salahtml.uxper.co/sala/assets/images/hep-12.html]
[salahtml.uxper.co/sala/assets/images/hep-24.html]
[salahtml.uxper.co/sala/assets/images/hst-02.html]
[salahtml.uxper.co/assets/libs/twentytwenty/twentytwenty.css]
[salahtml.uxper.co/assets/images/html5.svg]
[salahtml.uxper.co/assets/images/css3.svg]
[salahtml.uxper.co/assets/images/sass.svg]
[salahtml.uxper.co/assets/images/bootstrap.svg]
[salahtml.uxper.co/assets/images/google-font.svg]
[salahtml.uxper.co/assets/images/w3c.svg]
[salahtml.uxper.co/assets/images/wave-01.svg]
[salahtml.uxper.co/assets/images/saas-01.png]
[salahtml.uxper.co/assets/images/saas-02.png]
[salahtml.uxper.co/assets/images/saas-03.png]
[salahtml.uxper.co/assets/images/saas-04.png]
[salahtml.uxper.co/assets/images/saas-05.png]
[salahtml.uxper.co/assets/images/saas-06.png]
[salahtml.uxper.co/assets/images/saas-07.png]
[salahtml.uxper.co/assets/images/saas-08.png]
[salahtml.uxper.co/assets/images/saas-09.png]
[salahtml.uxper.co/assets/images/wave-02.png]
[salahtml.uxper.co/assets/images/saas-10.png]
[salahtml.uxper.co/home-saas.html]
[salahtml.uxper.co/assets/css/style-rtl.css]
[salahtml.uxper.co/home-rtl.html]
[salahtml.uxper.co/assets/libs/nice-select/css/nice-select.css]
[salahtml.uxper.co/assets/images/cw-01.svg]
[salahtml.uxper.co/assets/images/cw-02.svg]
[salahtml.uxper.co/assets/images/cw-03.svg]
[salahtml.uxper.co/assets/images/cw-04.svg]
[salahtml.uxper.co/assets/images/cw-05.svg]
[salahtml.uxper.co/assets/images/cw-06.svg]
[salahtml.uxper.co/cdn-cgi/l/email-protection.html]
[salahtml.uxper.co/assets/images/hft-07.svg]
[salahtml.uxper.co/assets/images/hft-08.svg]
[salahtml.uxper.co/assets/images/hft-09.svg]
[salahtml.uxper.co/assets/images/hft-10.svg]
[salahtml.uxper.co/assets/images/hft-11.svg]
[salahtml.uxper.co/assets/images/hft-12.svg]
[salahtml.uxper.co/assets/images/hft-13.svg]
[salahtml.uxper.co/assets/images/hft-14.svg]
[salahtml.uxper.co/assets/images/hep-05.svg]
[salahtml.uxper.co/assets/images/hep-16.svg]
[salahtml.uxper.co/assets/images/hst-03.svg]
[salahtml.uxper.co/assets/images/hst-05.svg]
[salahtml.uxper.co/assets/images/services-01.svg]
[salahtml.uxper.co/assets/images/services-02.svg]
[salahtml.uxper.co/assets/images/services-03.svg]
[salahtml.uxper.co/assets/images/services-04.svg]
[salahtml.uxper.co/assets/images/services-05.svg]
[salahtml.uxper.co/assets/images/services-06.svg]
[salahtml.uxper.co/assets/images/hi-03.svg]
[salahtml.uxper.co/assets/images/hi-04.svg]
[salahtml.uxper.co/assets/images/hi-14.svg]
[salahtml.uxper.co/assets/images/hi-16.svg]
[salahtml.uxper.co/assets/images/layers.svg]
[salahtml.uxper.co/assets/images/rgb.svg]
[salahtml.uxper.co/assets/images/flip.svg]
[salahtml.uxper.co/assets/images/shape-builder.svg]
[salahtml.uxper.co/assets/images/services-09.svg]
[salahtml.uxper.co/assets/css/custom-rtl.css]
[salahtml.uxper.co/assets/images/coming-soon.svg]
[salahtml.uxper.co/assets/images/maintainance.svg]
[salahtml.uxper.co/assets/libs/nouislider/nouislider.min.css]
[salahtml.uxper.co/assets/images/wave-01.svg]
[salahtml.uxper.co/assets/css/style-rtl.css]
[salahtml.uxper.co/assets/css/custom-rtl.css]
[salahtml.uxper.co/contact-01.html]
[salahtml.uxper.co/contact-02.html]
[salahtml.uxper.co/contact-03.html]
